2026-05-02T18:25:08.394963Z  INFO skipprd::helpers::configuration: Initializing data directories...
2026-05-02T18:25:08.396396Z  INFO skipprd::helpers::configuration: Initialized data directories at: ./data/cursor_semantic_validation_fresh_20260502_1920_default
2026-05-02T18:25:08.399256Z  INFO skipprd::metrics: Persisted config: _/cursor_semantic_validation_fresh_20260502_1920/default/config/20260502_182508_8WBOIpUn8JIoVzd7Dqdh9gajlRJDK4c8.json
2026-05-02T18:25:08.399358Z  INFO skipprd::helpers::configuration: get_metadata: pipeline='default' key='_/cursor_semantic_validation_fresh_20260502_1920/default/metadata/metadata.json'
2026-05-02T18:25:08.399491Z  INFO skipprd::engine: No existing Skippr metadata for pipeline 'default'; running discover first
2026-05-02T18:25:08.399522Z  INFO skipprd::engine: Analysing data and generating Skippr metadata for pipeline: default
2026-05-02T18:25:08.399569Z  INFO skipprd::helpers::configuration: get_metadata: pipeline='default' key='_/cursor_semantic_validation_fresh_20260502_1920/default/metadata/metadata.json'
2026-05-02T18:25:08.399599Z  INFO skipprd::engine: No existing Skippr metadata, will discover schemas
2026-05-02T18:25:08.440548Z  INFO skipprd::helpers::offsets: Offset DB size: 0.0 B
2026-05-02T18:25:16.925293Z  INFO skipprd::helpers::configuration: Initializing data directories...
2026-05-02T18:25:16.925596Z  INFO skipprd::helpers::configuration: Initialized data directories at: ./data/cursor_semantic_validation_fresh_20260502_1920_cursor_semantic_validation_fresh_20260502_1920
2026-05-02T18:25:16.926712Z  INFO skipprd::metrics: Persisted config: _/cursor_semantic_validation_fresh_20260502_1920/cursor_semantic_validation_fresh_20260502_1920/config/20260502_182516_MNHN82t9ajxmmeeKxXf1or6vFyzsQc97.json
2026-05-02T18:25:16.926755Z  INFO skipprd::helpers::configuration: get_metadata: pipeline='cursor_semantic_validation_fresh_20260502_1920' key='_/cursor_semantic_validation_fresh_20260502_1920/cursor_semantic_validation_fresh_20260502_1920/metadata/metadata.json'
2026-05-02T18:25:16.926797Z  INFO skipprd::engine: No existing Skippr metadata for pipeline 'cursor_semantic_validation_fresh_20260502_1920'; running discover first
2026-05-02T18:25:16.926818Z  INFO skipprd::engine: Analysing data and generating Skippr metadata for pipeline: cursor_semantic_validation_fresh_20260502_1920
2026-05-02T18:25:16.926855Z  INFO skipprd::helpers::configuration: get_metadata: pipeline='cursor_semantic_validation_fresh_20260502_1920' key='_/cursor_semantic_validation_fresh_20260502_1920/cursor_semantic_validation_fresh_20260502_1920/metadata/metadata.json'
2026-05-02T18:25:16.926878Z  INFO skipprd::engine: No existing Skippr metadata, will discover schemas
2026-05-02T18:25:16.961903Z  INFO skipprd::helpers::offsets: Offset DB size: 0.0 B
2026-05-02T18:25:16.978021Z  INFO skipprd::runtime_plugins::discovery: Resolving runtime data source plugin 'Mssql' from published registry requested_version='latest' index_url=https://install.skippr.io/releases/runtime-plugins/latest/manifest-index.json
2026-05-02T18:25:17.380340Z  INFO skipprd::runtime_plugins::discovery: Resolved published runtime data source plugin 'Mssql' via requested_version='latest' index_label='latest' manifest=mssql-source.json manifest_url=https://install.skippr.io/releases/runtime-plugins/plugins/mssql-source/versions/0.1.2/mssql-source.json
2026-05-02T18:25:17.383623Z  INFO skipprd::runtime_plugins::discovery: Refreshing cached runtime plugin manifest metadata: plugin=Mssql kind=DataSource cache_key=0.1.2 path=/Users/huders2000/.skippr/runtime_plugins/discovery/manifests/0.1.2/mssql-source.json url=https://install.skippr.io/releases/runtime-plugins/plugins/mssql-source/versions/0.1.2/mssql-source.json
2026-05-02T18:25:17.383696Z  INFO skipprd::runtime_plugins::discovery: Downloading runtime plugin manifest: plugin=Mssql kind=DataSource cache_key=0.1.2 url=https://install.skippr.io/releases/runtime-plugins/plugins/mssql-source/versions/0.1.2/mssql-source.json destination=/Users/huders2000/.skippr/runtime_plugins/discovery/manifests/0.1.2/mssql-source.json
2026-05-02T18:25:17.654767Z  INFO skipprd::runtime_plugins::discovery: Downloaded runtime plugin manifest: plugin=Mssql kind=DataSource cache_key=0.1.2 path=/Users/huders2000/.skippr/runtime_plugins/discovery/manifests/0.1.2/mssql-source.json
2026-05-02T18:25:17.655329Z  INFO skipprd::runtime_plugins::discovery: Resolved runtime data source plugin 'Mssql' version=0.1.2 manifest=mssql-runtime-source path=/Users/huders2000/.skippr/runtime_plugins/discovery/manifests/0.1.2/mssql-source.json
2026-05-02T18:25:18.993214Z  INFO skipprd::runtime_plugins::artifact: Using cached runtime plugin binary: plugin=Mssql kind=DataSource version=0.1.2 target=aarch64-apple-darwin path=/Users/huders2000/.skippr/runtime_plugins/mssql-runtime-source/0.1.2/aarch64-apple-darwin/skippr-plugin-data-source-mssql url=https://install.skippr.io/releases/runtime-plugins/plugins/mssql-source/versions/0.1.2/aarch64-apple-darwin/skippr-plugin-data-source-mssql
2026-05-02T18:25:20.384213Z  INFO skipprd::engine: Reached end of source data, persisting discovered metadata
2026-05-02T18:25:20.385361Z  INFO skipprd::helpers::configuration: Updated pipeline metadata: _/cursor_semantic_validation_fresh_20260502_1920/cursor_semantic_validation_fresh_20260502_1920/metadata/metadata.json
2026-05-02T18:25:20.390190Z  INFO skipprd::helpers::configuration: get_metadata: pipeline='cursor_semantic_validation_fresh_20260502_1920' key='_/cursor_semantic_validation_fresh_20260502_1920/cursor_semantic_validation_fresh_20260502_1920/metadata/metadata.json'
2026-05-02T18:25:20.390810Z  INFO skipprd::helpers::configuration: Loaded metadata (entries=0, keys=[])
2026-05-02T18:25:20.390858Z  INFO skipprd::engine: Syncing pipeline: cursor_semantic_validation_fresh_20260502_1920
2026-05-02T18:25:20.402112Z  INFO skipprd::helpers::offsets: Offset DB size: 512.0 KB
2026-05-02T18:25:20.402553Z  INFO skipprd::buffer::ingest_buffer: Indexing commited WAL Segments
2026-05-02T18:25:20.402650Z  INFO skipprd::buffer::ingest_buffer: WAL scan examined 0 entries (commit_markers_seen=0, committed_seg_candidates=0)
2026-05-02T18:25:20.402737Z  INFO skipprd::buffer::ingest_buffer: Indexed 0 of 0 Segment files for 0 namespaces
2026-05-02T18:25:20.402757Z  INFO skipprd::buffer::ingest_buffer: WAL indexing took 0.00s ~ 0 files/s, 0.0 B total bytes
2026-05-02T18:25:20.406646Z  INFO skipprd::buffer::ingest_buffer: Committed 0 offsets from .seg files
2026-05-02T18:25:20.406788Z  INFO skipprd::engine: Output plugin: Snowflake
2026-05-02T18:25:20.406990Z  INFO skipprd::runtime_plugins::discovery: Resolving runtime data sink plugin 'Snowflake' from published registry requested_version='latest' index_url=https://install.skippr.io/releases/runtime-plugins/latest/manifest-index.json
2026-05-02T18:25:20.721152Z  INFO skipprd::runtime_plugins::discovery: Resolved published runtime data sink plugin 'Snowflake' via requested_version='latest' index_label='latest' manifest=snowflake-sink.json manifest_url=https://install.skippr.io/releases/runtime-plugins/plugins/snowflake-sink/versions/0.1.2/snowflake-sink.json
2026-05-02T18:25:20.721745Z  INFO skipprd::runtime_plugins::discovery: Refreshing cached runtime plugin manifest metadata: plugin=Snowflake kind=DataSink cache_key=0.1.2 path=/Users/huders2000/.skippr/runtime_plugins/discovery/manifests/0.1.2/snowflake-sink.json url=https://install.skippr.io/releases/runtime-plugins/plugins/snowflake-sink/versions/0.1.2/snowflake-sink.json
2026-05-02T18:25:20.721774Z  INFO skipprd::runtime_plugins::discovery: Downloading runtime plugin manifest: plugin=Snowflake kind=DataSink cache_key=0.1.2 url=https://install.skippr.io/releases/runtime-plugins/plugins/snowflake-sink/versions/0.1.2/snowflake-sink.json destination=/Users/huders2000/.skippr/runtime_plugins/discovery/manifests/0.1.2/snowflake-sink.json
2026-05-02T18:25:21.022393Z  INFO skipprd::runtime_plugins::discovery: Downloaded runtime plugin manifest: plugin=Snowflake kind=DataSink cache_key=0.1.2 path=/Users/huders2000/.skippr/runtime_plugins/discovery/manifests/0.1.2/snowflake-sink.json
2026-05-02T18:25:21.023050Z  INFO skipprd::runtime_plugins::discovery: Resolved runtime data sink plugin 'Snowflake' version=0.1.2 manifest=snowflake-runtime-sink path=/Users/huders2000/.skippr/runtime_plugins/discovery/manifests/0.1.2/snowflake-sink.json
2026-05-02T18:25:22.680346Z  INFO skipprd::runtime_plugins::artifact: Using cached runtime plugin binary: plugin=Snowflake kind=DataSink version=0.1.2 target=aarch64-apple-darwin path=/Users/huders2000/.skippr/runtime_plugins/snowflake-runtime-sink/0.1.2/aarch64-apple-darwin/skippr-plugin-data-sink-snowflake url=https://install.skippr.io/releases/runtime-plugins/plugins/snowflake-sink/versions/0.1.2/aarch64-apple-darwin/skippr-plugin-data-sink-snowflake
2026-05-02T18:25:24.339114Z  INFO skipprd::runtime_plugins::discovery: Resolving runtime data source plugin 'Mssql' from published registry requested_version='latest' index_url=https://install.skippr.io/releases/runtime-plugins/latest/manifest-index.json
2026-05-02T18:25:24.646457Z  INFO skipprd::runtime_plugins::discovery: Resolved published runtime data source plugin 'Mssql' via requested_version='latest' index_label='latest' manifest=mssql-source.json manifest_url=https://install.skippr.io/releases/runtime-plugins/plugins/mssql-source/versions/0.1.2/mssql-source.json
2026-05-02T18:25:24.646560Z  INFO skipprd::runtime_plugins::discovery: Refreshing cached runtime plugin manifest metadata: plugin=Mssql kind=DataSource cache_key=0.1.2 path=/Users/huders2000/.skippr/runtime_plugins/discovery/manifests/0.1.2/mssql-source.json url=https://install.skippr.io/releases/runtime-plugins/plugins/mssql-source/versions/0.1.2/mssql-source.json
2026-05-02T18:25:24.646597Z  INFO skipprd::runtime_plugins::discovery: Downloading runtime plugin manifest: plugin=Mssql kind=DataSource cache_key=0.1.2 url=https://install.skippr.io/releases/runtime-plugins/plugins/mssql-source/versions/0.1.2/mssql-source.json destination=/Users/huders2000/.skippr/runtime_plugins/discovery/manifests/0.1.2/mssql-source.json
2026-05-02T18:25:24.922707Z  INFO skipprd::runtime_plugins::discovery: Downloaded runtime plugin manifest: plugin=Mssql kind=DataSource cache_key=0.1.2 path=/Users/huders2000/.skippr/runtime_plugins/discovery/manifests/0.1.2/mssql-source.json
2026-05-02T18:25:24.922988Z  INFO skipprd::runtime_plugins::discovery: Resolved runtime data source plugin 'Mssql' version=0.1.2 manifest=mssql-runtime-source path=/Users/huders2000/.skippr/runtime_plugins/discovery/manifests/0.1.2/mssql-source.json
2026-05-02T18:25:26.230837Z  INFO skipprd::runtime_plugins::artifact: Using cached runtime plugin binary: plugin=Mssql kind=DataSource version=0.1.2 target=aarch64-apple-darwin path=/Users/huders2000/.skippr/runtime_plugins/mssql-runtime-source/0.1.2/aarch64-apple-darwin/skippr-plugin-data-source-mssql url=https://install.skippr.io/releases/runtime-plugins/plugins/mssql-source/versions/0.1.2/aarch64-apple-darwin/skippr-plugin-data-source-mssql
2026-05-02T18:25:27.693747Z  INFO skipprd::engine: Reached end of source data
2026-05-02T18:25:27.693845Z  INFO skipprd::engine: Ingest completed, flushing remaining buffers to output plugin data_sinks.snowflake
2026-05-02T18:25:27.693866Z  INFO skipprd::engine: All buffers flushed to output plugin
2026-05-02T18:25:27.693879Z  INFO skipprd::engine: Finalising: draining and stopping compactor
2026-05-02T18:25:33.899118Z  INFO skipprd::engine: Finalising: compactor drained and stopped
2026-05-02T18:25:33.899473Z  INFO skipprd::engine: Finalising: orphan commit cleanup scanned=0 removed=0 errors=0
2026-05-02T18:25:33.899523Z  INFO skipprd::engine: Finalising: compaction+cleanup finished in 6.205648125s
2026-05-02T18:25:33.899561Z  INFO skipprd::engine: Finalising: draining schema sync worker
2026-05-02T18:25:33.899803Z  INFO skipprd::engine: Finalising: schema sync worker drained
2026-05-02T18:25:33.899948Z  INFO skipprd::engine: Compactor: summary uploaded_rows=11 expected_msgs=0 expected_deadletters=0 expected_uploaded_rows=0 quarantined_parts=0
2026-05-02T18:25:33.900006Z  WARN skipprd::engine: Compactor: integrity check mismatch (uploaded_rows != expected_msgs + expected_deadletters or quarantined_parts > 0). Proceeding; this may occur when compacting pre-existing WAL.
2026-05-02T18:25:33.901833Z  INFO skipprd::metrics: Persisted metrics: _/cursor_semantic_validation_fresh_20260502_1920/cursor_semantic_validation_fresh_20260502_1920/metrics/20260502_182533_MNHN82t9ajxmmeeKxXf1or6vFyzsQc97.json
2026-05-02T18:25:33.901952Z  INFO skipprd::engine: Final metrics: msgs_total=0 src_bytes_total=0 parquet_rows_total=11 parquet_bytes_total=0 parquet_objects_total=0
2026-05-02T18:25:33.901986Z  INFO skipprd::engine: Pipeline sync complete
2026-05-02T18:27:18.135159Z  INFO skipprd::helpers::configuration: Initializing data directories...
2026-05-02T18:27:18.135909Z  INFO skipprd::helpers::configuration: Initialized data directories at: ./data/cursor_semantic_validation_fresh_20260502_1927_cursor_semantic_validation_fresh_20260502_1927
2026-05-02T18:27:18.139055Z  INFO skipprd::metrics: Persisted config: _/cursor_semantic_validation_fresh_20260502_1927/cursor_semantic_validation_fresh_20260502_1927/config/20260502_182718_bYMaRS1PY14W3MilmtswGMIYz9k1BrYG.json
2026-05-02T18:27:18.139181Z  INFO skipprd::helpers::configuration: get_metadata: pipeline='cursor_semantic_validation_fresh_20260502_1927' key='_/cursor_semantic_validation_fresh_20260502_1927/cursor_semantic_validation_fresh_20260502_1927/metadata/metadata.json'
2026-05-02T18:27:18.139344Z  INFO skipprd::engine: No existing Skippr metadata for pipeline 'cursor_semantic_validation_fresh_20260502_1927'; running discover first
2026-05-02T18:27:18.139391Z  INFO skipprd::engine: Analysing data and generating Skippr metadata for pipeline: cursor_semantic_validation_fresh_20260502_1927
2026-05-02T18:27:18.139440Z  INFO skipprd::helpers::configuration: get_metadata: pipeline='cursor_semantic_validation_fresh_20260502_1927' key='_/cursor_semantic_validation_fresh_20260502_1927/cursor_semantic_validation_fresh_20260502_1927/metadata/metadata.json'
2026-05-02T18:27:18.139473Z  INFO skipprd::engine: No existing Skippr metadata, will discover schemas
2026-05-02T18:27:18.180704Z  INFO skipprd::helpers::offsets: Offset DB size: 0.0 B
2026-05-02T18:27:18.191843Z  INFO skipprd::runtime_plugins::discovery: Resolving runtime data source plugin 'Mssql' from published registry requested_version='latest' index_url=https://install.skippr.io/releases/runtime-plugins/latest/manifest-index.json
2026-05-02T18:27:18.510164Z  INFO skipprd::runtime_plugins::discovery: Resolved published runtime data source plugin 'Mssql' via requested_version='latest' index_label='latest' manifest=mssql-source.json manifest_url=https://install.skippr.io/releases/runtime-plugins/plugins/mssql-source/versions/0.1.2/mssql-source.json
2026-05-02T18:27:18.510420Z  INFO skipprd::runtime_plugins::discovery: Refreshing cached runtime plugin manifest metadata: plugin=Mssql kind=DataSource cache_key=0.1.2 path=/Users/huders2000/.skippr/runtime_plugins/discovery/manifests/0.1.2/mssql-source.json url=https://install.skippr.io/releases/runtime-plugins/plugins/mssql-source/versions/0.1.2/mssql-source.json
2026-05-02T18:27:18.510490Z  INFO skipprd::runtime_plugins::discovery: Downloading runtime plugin manifest: plugin=Mssql kind=DataSource cache_key=0.1.2 url=https://install.skippr.io/releases/runtime-plugins/plugins/mssql-source/versions/0.1.2/mssql-source.json destination=/Users/huders2000/.skippr/runtime_plugins/discovery/manifests/0.1.2/mssql-source.json
2026-05-02T18:27:18.784223Z  INFO skipprd::runtime_plugins::discovery: Downloaded runtime plugin manifest: plugin=Mssql kind=DataSource cache_key=0.1.2 path=/Users/huders2000/.skippr/runtime_plugins/discovery/manifests/0.1.2/mssql-source.json
2026-05-02T18:27:18.786547Z  INFO skipprd::runtime_plugins::discovery: Resolved runtime data source plugin 'Mssql' version=0.1.2 manifest=mssql-runtime-source path=/Users/huders2000/.skippr/runtime_plugins/discovery/manifests/0.1.2/mssql-source.json
2026-05-02T18:27:20.250831Z  INFO skipprd::runtime_plugins::artifact: Using cached runtime plugin binary: plugin=Mssql kind=DataSource version=0.1.2 target=aarch64-apple-darwin path=/Users/huders2000/.skippr/runtime_plugins/mssql-runtime-source/0.1.2/aarch64-apple-darwin/skippr-plugin-data-source-mssql url=https://install.skippr.io/releases/runtime-plugins/plugins/mssql-source/versions/0.1.2/aarch64-apple-darwin/skippr-plugin-data-source-mssql
2026-05-02T18:27:21.693008Z  INFO skipprd::engine: Reached end of source data, persisting discovered metadata
2026-05-02T18:27:21.693720Z  INFO skipprd::helpers::configuration: Updated pipeline metadata: _/cursor_semantic_validation_fresh_20260502_1927/cursor_semantic_validation_fresh_20260502_1927/metadata/metadata.json
2026-05-02T18:27:21.698333Z  INFO skipprd::helpers::configuration: get_metadata: pipeline='cursor_semantic_validation_fresh_20260502_1927' key='_/cursor_semantic_validation_fresh_20260502_1927/cursor_semantic_validation_fresh_20260502_1927/metadata/metadata.json'
2026-05-02T18:27:21.698908Z  INFO skipprd::helpers::configuration: Loaded metadata (entries=0, keys=[])
2026-05-02T18:27:21.698957Z  INFO skipprd::engine: Syncing pipeline: cursor_semantic_validation_fresh_20260502_1927
2026-05-02T18:27:21.710245Z  INFO skipprd::helpers::offsets: Offset DB size: 512.0 KB
2026-05-02T18:27:21.710743Z  INFO skipprd::buffer::ingest_buffer: Indexing commited WAL Segments
2026-05-02T18:27:21.710794Z  INFO skipprd::buffer::ingest_buffer: WAL scan examined 0 entries (commit_markers_seen=0, committed_seg_candidates=0)
2026-05-02T18:27:21.710877Z  INFO skipprd::buffer::ingest_buffer: Indexed 0 of 0 Segment files for 0 namespaces
2026-05-02T18:27:21.710928Z  INFO skipprd::buffer::ingest_buffer: WAL indexing took 0.00s ~ 0 files/s, 0.0 B total bytes
2026-05-02T18:27:21.710943Z  INFO skipprd::buffer::ingest_buffer: Committed 0 offsets from .seg files
2026-05-02T18:27:21.711046Z  INFO skipprd::engine: Output plugin: Snowflake
2026-05-02T18:27:21.715617Z  INFO skipprd::runtime_plugins::discovery: Resolving runtime data sink plugin 'Snowflake' from published registry requested_version='latest' index_url=https://install.skippr.io/releases/runtime-plugins/latest/manifest-index.json
2026-05-02T18:27:22.027663Z  INFO skipprd::runtime_plugins::discovery: Resolved published runtime data sink plugin 'Snowflake' via requested_version='latest' index_label='latest' manifest=snowflake-sink.json manifest_url=https://install.skippr.io/releases/runtime-plugins/plugins/snowflake-sink/versions/0.1.2/snowflake-sink.json
2026-05-02T18:27:22.027755Z  INFO skipprd::runtime_plugins::discovery: Refreshing cached runtime plugin manifest metadata: plugin=Snowflake kind=DataSink cache_key=0.1.2 path=/Users/huders2000/.skippr/runtime_plugins/discovery/manifests/0.1.2/snowflake-sink.json url=https://install.skippr.io/releases/runtime-plugins/plugins/snowflake-sink/versions/0.1.2/snowflake-sink.json
2026-05-02T18:27:22.027777Z  INFO skipprd::runtime_plugins::discovery: Downloading runtime plugin manifest: plugin=Snowflake kind=DataSink cache_key=0.1.2 url=https://install.skippr.io/releases/runtime-plugins/plugins/snowflake-sink/versions/0.1.2/snowflake-sink.json destination=/Users/huders2000/.skippr/runtime_plugins/discovery/manifests/0.1.2/snowflake-sink.json
2026-05-02T18:27:22.371689Z  INFO skipprd::runtime_plugins::discovery: Downloaded runtime plugin manifest: plugin=Snowflake kind=DataSink cache_key=0.1.2 path=/Users/huders2000/.skippr/runtime_plugins/discovery/manifests/0.1.2/snowflake-sink.json
2026-05-02T18:27:22.372335Z  INFO skipprd::runtime_plugins::discovery: Resolved runtime data sink plugin 'Snowflake' version=0.1.2 manifest=snowflake-runtime-sink path=/Users/huders2000/.skippr/runtime_plugins/discovery/manifests/0.1.2/snowflake-sink.json
2026-05-02T18:27:24.063478Z  INFO skipprd::runtime_plugins::artifact: Using cached runtime plugin binary: plugin=Snowflake kind=DataSink version=0.1.2 target=aarch64-apple-darwin path=/Users/huders2000/.skippr/runtime_plugins/snowflake-runtime-sink/0.1.2/aarch64-apple-darwin/skippr-plugin-data-sink-snowflake url=https://install.skippr.io/releases/runtime-plugins/plugins/snowflake-sink/versions/0.1.2/aarch64-apple-darwin/skippr-plugin-data-sink-snowflake
2026-05-02T18:27:25.795004Z  INFO skipprd::runtime_plugins::discovery: Resolving runtime data source plugin 'Mssql' from published registry requested_version='latest' index_url=https://install.skippr.io/releases/runtime-plugins/latest/manifest-index.json
2026-05-02T18:27:26.098927Z  INFO skipprd::runtime_plugins::discovery: Resolved published runtime data source plugin 'Mssql' via requested_version='latest' index_label='latest' manifest=mssql-source.json manifest_url=https://install.skippr.io/releases/runtime-plugins/plugins/mssql-source/versions/0.1.2/mssql-source.json
2026-05-02T18:27:26.099026Z  INFO skipprd::runtime_plugins::discovery: Refreshing cached runtime plugin manifest metadata: plugin=Mssql kind=DataSource cache_key=0.1.2 path=/Users/huders2000/.skippr/runtime_plugins/discovery/manifests/0.1.2/mssql-source.json url=https://install.skippr.io/releases/runtime-plugins/plugins/mssql-source/versions/0.1.2/mssql-source.json
2026-05-02T18:27:26.099050Z  INFO skipprd::runtime_plugins::discovery: Downloading runtime plugin manifest: plugin=Mssql kind=DataSource cache_key=0.1.2 url=https://install.skippr.io/releases/runtime-plugins/plugins/mssql-source/versions/0.1.2/mssql-source.json destination=/Users/huders2000/.skippr/runtime_plugins/discovery/manifests/0.1.2/mssql-source.json
2026-05-02T18:27:26.371878Z  INFO skipprd::runtime_plugins::discovery: Downloaded runtime plugin manifest: plugin=Mssql kind=DataSource cache_key=0.1.2 path=/Users/huders2000/.skippr/runtime_plugins/discovery/manifests/0.1.2/mssql-source.json
2026-05-02T18:27:26.372159Z  INFO skipprd::runtime_plugins::discovery: Resolved runtime data source plugin 'Mssql' version=0.1.2 manifest=mssql-runtime-source path=/Users/huders2000/.skippr/runtime_plugins/discovery/manifests/0.1.2/mssql-source.json
2026-05-02T18:27:27.713422Z  INFO skipprd::runtime_plugins::artifact: Using cached runtime plugin binary: plugin=Mssql kind=DataSource version=0.1.2 target=aarch64-apple-darwin path=/Users/huders2000/.skippr/runtime_plugins/mssql-runtime-source/0.1.2/aarch64-apple-darwin/skippr-plugin-data-source-mssql url=https://install.skippr.io/releases/runtime-plugins/plugins/mssql-source/versions/0.1.2/aarch64-apple-darwin/skippr-plugin-data-source-mssql
2026-05-02T18:27:29.180469Z  INFO skipprd::engine: Reached end of source data
2026-05-02T18:27:29.180575Z  INFO skipprd::engine: Ingest completed, flushing remaining buffers to output plugin data_sinks.snowflake
2026-05-02T18:27:29.180606Z  INFO skipprd::engine: All buffers flushed to output plugin
2026-05-02T18:27:29.180618Z  INFO skipprd::engine: Finalising: draining and stopping compactor
2026-05-02T18:27:38.294053Z  INFO skipprd::engine: Finalising: compactor drained and stopped
2026-05-02T18:27:38.294217Z  INFO skipprd::engine: Finalising: orphan commit cleanup scanned=0 removed=0 errors=0
2026-05-02T18:27:38.294250Z  INFO skipprd::engine: Finalising: compaction+cleanup finished in 9.113651875s
2026-05-02T18:27:38.294267Z  INFO skipprd::engine: Finalising: draining schema sync worker
2026-05-02T18:27:38.294386Z  INFO skipprd::engine: Finalising: schema sync worker drained
2026-05-02T18:27:38.294499Z  INFO skipprd::engine: Compactor: summary uploaded_rows=11 expected_msgs=11 expected_deadletters=0 expected_uploaded_rows=11 quarantined_parts=0
2026-05-02T18:27:38.295331Z  INFO skipprd::metrics: Persisted metrics: _/cursor_semantic_validation_fresh_20260502_1927/cursor_semantic_validation_fresh_20260502_1927/metrics/20260502_182738_bYMaRS1PY14W3MilmtswGMIYz9k1BrYG.json
2026-05-02T18:27:38.295377Z  INFO skipprd::engine: Final metrics: msgs_total=11 src_bytes_total=3736 parquet_rows_total=11 parquet_bytes_total=0 parquet_objects_total=0
2026-05-02T18:27:38.295394Z  INFO skipprd::engine: Pipeline sync complete
